// Jest Snapshot v1, https://goo.gl/fbAQLP

exports[`<HomePage /> should render correctly 1`] = `
<div
  className="ui container"
>
  <h1>
    Home Page
  </h1>
</div>
`;
